2026-05-13T11:16:15Z | Found 6 files
2026-05-13T11:16:15Z | Import start: /data/data/com.termux/files/home/storage/downloads/zemala-ledger-1778668973830.json -> /data/data/com.termux/files/home/zemala-core/vault/inbox/zemala-ledger-1778668973830_20260513T111615Z.json
2026-05-13T11:16:15Z | Imported: /data/data/com.termux/files/home/zemala-core/vault/inbox/zemala-ledger-1778668973830_20260513T111615Z.json
2026-05-13T11:16:16Z | Import start: /data/data/com.termux/files/home/storage/downloads/zemala-ledger-1778669787650.json -> /data/data/com.termux/files/home/zemala-core/vault/inbox/zemala-ledger-1778669787650_20260513T111615Z.json
2026-05-13T11:16:16Z | Imported: /data/data/com.termux/files/home/zemala-core/vault/inbox/zemala-ledger-1778669787650_20260513T111615Z.json
2026-05-13T11:16:16Z | Import start: /data/data/com.termux/files/home/storage/downloads/zemala-ledger-1778670179345.json -> /data/data/com.termux/files/home/zemala-core/vault/inbox/zemala-ledger-1778670179345_20260513T111615Z.json
2026-05-13T11:16:16Z | Imported: /data/data/com.termux/files/home/zemala-core/vault/inbox/zemala-ledger-1778670179345_20260513T111615Z.json
2026-05-13T11:16:16Z | Import start: /data/data/com.termux/files/home/storage/downloads/zemala-ledger-1778670524156.json -> /data/data/com.termux/files/home/zemala-core/vault/inbox/zemala-ledger-1778670524156_20260513T111615Z.json
2026-05-13T11:16:16Z | Imported: /data/data/com.termux/files/home/zemala-core/vault/inbox/zemala-ledger-1778670524156_20260513T111615Z.json
2026-05-13T11:16:16Z | Import start: /data/data/com.termux/files/home/storage/downloads/zemala-ledger-1778670627009.json -> /data/data/com.termux/files/home/zemala-core/vault/inbox/zemala-ledger-1778670627009_20260513T111615Z.json
2026-05-13T11:16:16Z | Imported: /data/data/com.termux/files/home/zemala-core/vault/inbox/zemala-ledger-1778670627009_20260513T111615Z.json
2026-05-13T11:16:16Z | Import start: /data/data/com.termux/files/home/storage/downloads/zemala-ledger-1778670968537.json -> /data/data/com.termux/files/home/zemala-core/vault/inbox/zemala-ledger-1778670968537_20260513T111615Z.json
2026-05-13T11:16:16Z | Imported: /data/data/com.termux/files/home/zemala-core/vault/inbox/zemala-ledger-1778670968537_20260513T111615Z.json
2026-05-13T11:16:17Z | Starting rclone copy from /data/data/com.termux/files/home/zemala-core/vault/inbox to gdrive:Zemala_Cloud/inbox
Transferred:   	          0 B / 81.250 KiB, 0%, 0 B/s, ETA -
Checks:                 0 / 0, -, Listed 27
Transferred:            0 / 6, 0%
Elapsed time:         0.4s
Transferring:
 * zemala-ledger-17786689…_20260513T111615Z.json:  0% / 8.236 KiB, 0 B/s, -
 * zemala-ledger-17786697…_20260513T111615Z.json:  0% / 12.001 KiB, 0 B/s, -
 * zemala-ledger-17786701…_20260513T111615Z.json:  0% / 12.874 KiB, 0 B/s, -
 * zemala-ledger-17786705…_20260513T111615Z.json:  0% / 14.902 KiB, 0 B/s, -Transferred:   	   48.014 KiB / 81.250 KiB, 59%, 0 B/s, ETA -
Checks:                 0 / 0, -, Listed 27
Transferred:            0 / 6, 0%
Elapsed time:         0.9s
Transferring:
 * zemala-ledger-17786689…_20260513T111615Z.json:100% / 8.236 KiB, 0 B/s, -
 * zemala-ledger-17786697…_20260513T111615Z.json:100% / 12.001 KiB, 0 B/s, -
 * zemala-ledger-17786701…_20260513T111615Z.json:100% / 12.874 KiB, 0 B/s, -
 * zemala-ledger-17786705…_20260513T111615Z.json:100% / 14.902 KiB, 0 B/s, -Transferred:   	   48.014 KiB / 81.250 KiB, 59%, 48.007 KiB/s, ETA 0s
Checks:                 0 / 0, -, Listed 27
Transferred:            0 / 6, 0%
Elapsed time:         1.4s
Transferring:
 * zemala-ledger-17786689…_20260513T111615Z.json:100% / 8.236 KiB, 8.229 KiB/s
 * zemala-ledger-17786697…_20260513T111615Z.json:100% / 12.001 KiB, 11.999 KiB
 * zemala-ledger-17786701…_20260513T111615Z.json:100% / 12.874 KiB, 12.871 KiB
 * zemala-ledger-17786705…_20260513T111615Z.json:100% / 14.902 KiB, 14.898 KiBTransferred:   	   48.014 KiB / 81.250 KiB, 59%, 48.007 KiB/s, ETA 0s
Checks:                 0 / 0, -, Listed 27
Transferred:            4 / 6, 67%
Elapsed time:         1.9s
Transferring:
 * zemala-ledger-17786706…_20260513T111615Z.json:  0% / 16.618 KiB, 0 B/s, -
 * zemala-ledger-17786709…_20260513T111615Z.json:  0% / 16.618 KiB, 0 B/s, -Transferred:   	   81.250 KiB / 81.250 KiB, 100%, 24.003 KiB/s, ETA 0s
Checks:                 0 / 0, -, Listed 27
Transferred:            4 / 6, 67%
Elapsed time:         2.4s
Transferring:
 * zemala-ledger-17786706…_20260513T111615Z.json:100% / 16.618 KiB, 0 B/s, -
 * zemala-ledger-17786709…_20260513T111615Z.json:100% / 16.618 KiB, 0 B/s, -Transferred:   	   81.250 KiB / 81.250 KiB, 100%, 24.003 KiB/s, ETA 0s
Checks:                 0 / 0, -, Listed 27
Transferred:            4 / 6, 67%
Elapsed time:         2.9s
Transferring:
 * zemala-ledger-17786706…_20260513T111615Z.json:100% / 16.618 KiB, 16.610 KiB
 * zemala-ledger-17786709…_20260513T111615Z.json:100% / 16.618 KiB, 16.615 KiBTransferred:   	   81.250 KiB / 81.250 KiB, 100%, 27.081 KiB/s, ETA 0s
Checks:                 0 / 0, -, Listed 27
Transferred:            6 / 6, 100%
Elapsed time:         3.3s
2026-05-13T11:16:30Z | rclone copy succeeded
2026-05-13T11:16:33Z | Archived: /data/data/com.termux/files/home/zemala-core/vault/archive/zemala-ledger-1778668973830_20260513T111615Z.json
2026-05-13T11:16:33Z | Archived: /data/data/com.termux/files/home/zemala-core/vault/archive/zemala-ledger-1778669787650_20260513T111615Z.json
2026-05-13T11:16:33Z | Archived: /data/data/com.termux/files/home/zemala-core/vault/archive/zemala-ledger-1778670179345_20260513T111615Z.json
2026-05-13T11:16:33Z | Archived: /data/data/com.termux/files/home/zemala-core/vault/archive/zemala-ledger-1778670524156_20260513T111615Z.json
2026-05-13T11:16:33Z | Archived: /data/data/com.termux/files/home/zemala-core/vault/archive/zemala-ledger-1778670627009_20260513T111615Z.json
2026-05-13T11:16:33Z | Archived: /data/data/com.termux/files/home/zemala-core/vault/archive/zemala-ledger-1778670968537_20260513T111615Z.json
