2026-05-13T11:04:23Z | Found 3 files
2026-05-13T11:04:23Z | Import start: /data/data/com.termux/files/home/storage/downloads/zemala-ledger-1778668973830.json -> /data/data/com.termux/files/home/zemala-core/vault/inbox/zemala-ledger-1778668973830_20260513T110422Z.json
2026-05-13T11:04:23Z | Imported: /data/data/com.termux/files/home/zemala-core/vault/inbox/zemala-ledger-1778668973830_20260513T110422Z.json
2026-05-13T11:04:23Z | Import start: /data/data/com.termux/files/home/storage/downloads/zemala-ledger-1778669787650.json -> /data/data/com.termux/files/home/zemala-core/vault/inbox/zemala-ledger-1778669787650_20260513T110422Z.json
2026-05-13T11:04:23Z | Imported: /data/data/com.termux/files/home/zemala-core/vault/inbox/zemala-ledger-1778669787650_20260513T110422Z.json
2026-05-13T11:04:24Z | Import start: /data/data/com.termux/files/home/storage/downloads/zemala-ledger-1778670179345.json -> /data/data/com.termux/files/home/zemala-core/vault/inbox/zemala-ledger-1778670179345_20260513T110422Z.json
2026-05-13T11:04:24Z | Imported: /data/data/com.termux/files/home/zemala-core/vault/inbox/zemala-ledger-1778670179345_20260513T110422Z.json
2026-05-13T11:04:25Z | Starting rclone copy from /data/data/com.termux/files/home/zemala-core/vault/inbox to gdrive:Zemala_Cloud/inbox
Transferred:   	          0 B / 33.111 KiB, 0%, 0 B/s, ETA -
Checks:                 0 / 0, -, Listed 12
Transferred:            0 / 3, 0%
Elapsed time:         0.4s
Transferring:
 * zemala-ledger-17786689…_20260513T110422Z.json:  0% / 8.236 KiB, 0 B/s, -
 * zemala-ledger-17786697…_20260513T110422Z.json:  0% / 12.001 KiB, 0 B/s, -
 * zemala-ledger-17786701…_20260513T110422Z.json:  0% / 12.874 KiB, 0 B/s, -Transferred:   	   33.111 KiB / 33.111 KiB, 100%, 0 B/s, ETA -
Checks:                 0 / 0, -, Listed 12
Transferred:            0 / 3, 0%
Elapsed time:         0.9s
Transferring:
 * zemala-ledger-17786689…_20260513T110422Z.json:100% / 8.236 KiB, 0 B/s, -
 * zemala-ledger-17786697…_20260513T110422Z.json:100% / 12.001 KiB, 0 B/s, -
 * zemala-ledger-17786701…_20260513T110422Z.json:100% / 12.874 KiB, 0 B/s, -Transferred:   	   33.111 KiB / 33.111 KiB, 100%, 33.101 KiB/s, ETA 0s
Checks:                 0 / 0, -, Listed 12
Transferred:            0 / 3, 0%
Elapsed time:         1.4s
Transferring:
 * zemala-ledger-17786689…_20260513T110422Z.json:100% / 8.236 KiB, 8.233 KiB/s
 * zemala-ledger-17786697…_20260513T110422Z.json:100% / 12.001 KiB, 11.996 KiB
 * zemala-ledger-17786701…_20260513T110422Z.json:100% / 12.874 KiB, 12.868 KiBTransferred:   	   33.111 KiB / 33.111 KiB, 100%, 33.101 KiB/s, ETA 0s
Checks:                 0 / 0, -, Listed 12
Transferred:            3 / 3, 100%
Elapsed time:         1.9s
2026-05-13T11:04:28Z | rclone copy succeeded
2026-05-13T11:04:30Z | Archived: /data/data/com.termux/files/home/zemala-core/vault/archive/zemala-ledger-1778668973830_20260513T110422Z.json
2026-05-13T11:04:30Z | Archived: /data/data/com.termux/files/home/zemala-core/vault/archive/zemala-ledger-1778669787650_20260513T110422Z.json
2026-05-13T11:04:30Z | Archived: /data/data/com.termux/files/home/zemala-core/vault/archive/zemala-ledger-1778670179345_20260513T110422Z.json
